
> immersalabwebsite@1.0.0 build
> astro build

[2m00:15:13[22m [34m[types][39m Generated [2m70ms[22m
[2m00:15:13[22m [34m[build][39m output: [34m"static"[39m
[2m00:15:13[22m [34m[build][39m mode: [34m"static"[39m
[2m00:15:13[22m [34m[build][39m directory: [34mD:\ahoqp1\Repositories\SVR\Sim\Plugins\BlueprintHealthAnalyzer\Web\immersalabwebsite\dist\[39m
[2m00:15:13[22m [34m[build][39m Collecting build info...
[2m00:15:13[22m [34m[build][39m [32m✓ Completed in 110ms.[39m
[2m00:15:13[22m [34m[build][39m Building static entrypoints...
[31m[1m00:15:13[22m [ERROR] [vite][39m [31m✗[39m Build failed in 310ms
[@mdx-js/rollup] Unexpected character `1` (U+0031) before name, expected a character that can start a name, such as a letter, `$`, or `_`
file: D:/ahoqp1/Repositories/SVR/Sim/Plugins/BlueprintHealthAnalyzer/Web/immersalabwebsite/src/pages/blueprint-health-analyzer/docs/rules/ast-mesh-001.mdx:34:71
  [1mLocation:[22m
    [4mD:/ahoqp1/Repositories/SVR/Sim/Plugins/BlueprintHealthAnalyzer/Web/immersalabwebsite/src/pages/blueprint-health-analyzer/docs/rules/ast-mesh-001.mdx:34:71[24m
  [1mStack trace:[22m
[2m    at Object.handler (file:///D:/ahoqp1/Repositories/SVR/Sim/Plugins/BlueprintHealthAnalyzer/Web/immersalabwebsite/node_modules/@astrojs/mdx/dist/vite-plugin-mdx.js:70:17)[22m
